
> tasks@0.1.0 test
> react-scripts test --coverage

Browserslist: caniuse-lite is outdated. Please run:
  npx browserslist@latest --update-db
  Why you should do it regularly: https://github.com/browserslist/browserslist#browsers-data-updating
PASS src/quizzer/Quizzer.test.tsx
PASS src/App.test.tsx
-------------------|---------|----------|---------|---------|------------------------------------------------------
File               | % Stmts | % Branch | % Funcs | % Lines | Uncovered Line #s                                    
-------------------|---------|----------|---------|---------|------------------------------------------------------
All files          |   81.16 |    80.64 |      76 |    80.4 |                                                      
 src               |   66.66 |       50 |      50 |   66.66 |                                                      
  App.tsx          |   66.66 |       50 |      50 |   66.66 | 16                                                   
 src/interfaces    |       0 |        0 |       0 |       0 |                                                      
  question.ts      |       0 |        0 |       0 |       0 |                                                      
  quiz.ts          |       0 |        0 |       0 |       0 |                                                      
 src/quizzer       |   81.45 |    82.75 |   76.71 |   80.68 |                                                      
  AddQuizModal.tsx |   64.28 |      100 |      40 |   64.28 | 33-50                                                
  QuestionEdit.tsx |   48.64 |     62.5 |   41.17 |   48.64 | 21-24,33-34,52-53,60-62,70-72,81,104-177,211,238,263 
  QuizCard.tsx     |     100 |       80 |     100 |     100 | 29                                                   
  QuizEdit.tsx     |   85.18 |      100 |   73.33 |      84 | 27-29,63,93                                          
  QuizExpanded.tsx |     100 |    85.71 |     100 |     100 | 67                                                   
  QuizList.tsx     |     100 |      100 |     100 |     100 |                                                      
  QuizQuestion.tsx |     100 |    85.71 |     100 |     100 | 17-24                                                
  QuizView.tsx     |     100 |      100 |     100 |     100 |                                                      
  Quizzer.tsx      |     100 |      100 |     100 |     100 |                                                      
-------------------|---------|----------|---------|---------|------------------------------------------------------

Test Suites: 2 passed, 2 total
Tests:       15 passed, 15 total
Snapshots:   0 total
Time:        6.219 s
Ran all test suites.
